// Jest Snapshot v1, https://goo.gl/fbAQLP

exports[`handles invalid input (schema validation) given a non JSON array throws a validation error 1`] = `"Validation Error: [{"instancePath":"","schemaPath":"#/type","keyword":"type","params":{"type":"array"},"message":"must be array"}]"`;

exports[`handles invalid input (schema validation) given an item with a invalid creator name throws a validation error 1`] = `"Validation Error: [{"instancePath":"/0/creator","schemaPath":"#/items/properties/creator/type","keyword":"type","params":{"type":"string"},"message":"must be string"}]"`;

exports[`handles invalid input (schema validation) given an item with a missing creator name throws a validation error 1`] = `"Validation Error: [{"instancePath":"/0","schemaPath":"#/items/required","keyword":"required","params":{"missingProperty":"creator"},"message":"must have required property 'creator'"}]"`;

exports[`handles invalid input (schema validation) given an item with a missing maximum tool throws a validation error 1`] = `"Validation Error: [{"instancePath":"/0","schemaPath":"#/items/required","keyword":"required","params":{"missingProperty":"maximumTool"},"message":"must have required property 'maximumTool'"}]"`;

exports[`handles invalid input (schema validation) given an item with a missing minimum tool throws a validation error 1`] = `"Validation Error: [{"instancePath":"/0","schemaPath":"#/items/required","keyword":"required","params":{"missingProperty":"minimumTool"},"message":"must have required property 'minimumTool'"}]"`;

exports[`handles invalid input (schema validation) given an item with a missing name throws a validation error 1`] = `"Validation Error: [{"instancePath":"/0","schemaPath":"#/items/required","keyword":"required","params":{"missingProperty":"name"},"message":"must have required property 'name'"}]"`;

exports[`handles invalid input (schema validation) given an item with a non-object requirement throws a validation error 1`] = `"Validation Error: [{"instancePath":"/0/requires/0","schemaPath":"#/items/properties/requires/items/type","keyword":"type","params":{"type":"object"},"message":"must be object"}]"`;

exports[`handles invalid input (schema validation) given an item with a requirement that has a non-numeric requirement amount throws a validation error 1`] = `"Validation Error: [{"instancePath":"/0/requires/0/amount","schemaPath":"#/items/properties/requires/items/properties/amount/type","keyword":"type","params":{"type":"number"},"message":"must be number"}]"`;

exports[`handles invalid input (schema validation) given an item with a requirement that is missing a name throws a validation error 1`] = `"Validation Error: [{"instancePath":"/0/requires/0","schemaPath":"#/items/properties/requires/items/required","keyword":"required","params":{"missingProperty":"name"},"message":"must have required property 'name'"}]"`;

exports[`handles invalid input (schema validation) given an item with a requirement that is missing requirement amount throws a validation error 1`] = `"Validation Error: [{"instancePath":"/0/requires/0","schemaPath":"#/items/properties/requires/items/required","keyword":"required","params":{"missingProperty":"amount"},"message":"must have required property 'amount'"}]"`;

exports[`handles invalid input (schema validation) given an item with an optional output that has a non-numeric output amount throws a validation error 1`] = `"Validation Error: [{"instancePath":"/0/optionalOutputs/0/amount","schemaPath":"#/items/properties/optionalOutputs/items/properties/amount/type","keyword":"type","params":{"type":"number"},"message":"must be number"}]"`;

exports[`handles invalid input (schema validation) given an item with an optional output that has a non-numeric output likelihood throws a validation error 1`] = `"Validation Error: [{"instancePath":"/0/optionalOutputs/0/likelihood","schemaPath":"#/items/properties/optionalOutputs/items/properties/likelihood/type","keyword":"type","params":{"type":"number"},"message":"must be number"}]"`;

exports[`handles invalid input (schema validation) given an item with an optional output that has an output amount less than one throws a validation error 1`] = `"Validation Error: [{"instancePath":"/0/optionalOutputs/0/amount","schemaPath":"#/items/properties/optionalOutputs/items/properties/amount/minimum","keyword":"minimum","params":{"comparison":">=","limit":1},"message":"must be >= 1"}]"`;

exports[`handles invalid input (schema validation) given an item with an optional output that has output likelihood equal to zero throws a validation error 1`] = `"Validation Error: [{"instancePath":"/0/optionalOutputs/0/likelihood","schemaPath":"#/items/properties/optionalOutputs/items/properties/likelihood/exclusiveMinimum","keyword":"exclusiveMinimum","params":{"comparison":">","limit":0},"message":"must be > 0"}]"`;

exports[`handles invalid input (schema validation) given an item with an optional output that has output likelihood greater than one throws a validation error 1`] = `"Validation Error: [{"instancePath":"/0/optionalOutputs/0/likelihood","schemaPath":"#/items/properties/optionalOutputs/items/properties/likelihood/maximum","keyword":"maximum","params":{"comparison":"<=","limit":1},"message":"must be <= 1"}]"`;

exports[`handles invalid input (schema validation) given an item with an optional output that has output likelihood less than zero throws a validation error 1`] = `"Validation Error: [{"instancePath":"/0/optionalOutputs/0/likelihood","schemaPath":"#/items/properties/optionalOutputs/items/properties/likelihood/exclusiveMinimum","keyword":"exclusiveMinimum","params":{"comparison":">","limit":0},"message":"must be > 0"}]"`;

exports[`handles invalid input (schema validation) given an item with an optional output that is missing a name throws a validation error 1`] = `"Validation Error: [{"instancePath":"/0/optionalOutputs/0","schemaPath":"#/items/properties/optionalOutputs/items/required","keyword":"required","params":{"missingProperty":"name"},"message":"must have required property 'name'"}]"`;

exports[`handles invalid input (schema validation) given an item with an optional output that is missing an output amount throws a validation error 1`] = `"Validation Error: [{"instancePath":"/0/optionalOutputs/0","schemaPath":"#/items/properties/optionalOutputs/items/required","keyword":"required","params":{"missingProperty":"amount"},"message":"must have required property 'amount'"}]"`;

exports[`handles invalid input (schema validation) given an item with an optional output that is missing an output likelihood throws a validation error 1`] = `"Validation Error: [{"instancePath":"/0/optionalOutputs/0","schemaPath":"#/items/properties/optionalOutputs/items/required","keyword":"required","params":{"missingProperty":"likelihood"},"message":"must have required property 'likelihood'"}]"`;

exports[`handles invalid input (schema validation) given an item with an unknown maximum tool throws a validation error 1`] = `"Validation Error: [{"instancePath":"/0/maximumTool","schemaPath":"#/definitions/tools/enum","keyword":"enum","params":{"allowedValues":["none","stone","copper","iron","bronze","steel"]},"message":"must be equal to one of the allowed values"}]"`;

exports[`handles invalid input (schema validation) given an item with an unknown minimum tool throws a validation error 1`] = `"Validation Error: [{"instancePath":"/0/minimumTool","schemaPath":"#/definitions/tools/enum","keyword":"enum","params":{"allowedValues":["none","stone","copper","iron","bronze","steel"]},"message":"must be equal to one of the allowed values"}]"`;

exports[`handles invalid input (schema validation) given an item with farm size that has a non-numeric height throws a validation error 1`] = `"Validation Error: [{"instancePath":"/0/size/height","schemaPath":"#/items/properties/size/properties/height/type","keyword":"type","params":{"type":"number"},"message":"must be number"}]"`;

exports[`handles invalid input (schema validation) given an item with farm size that has a non-numeric width throws a validation error 1`] = `"Validation Error: [{"instancePath":"/0/size/width","schemaPath":"#/items/properties/size/properties/width/type","keyword":"type","params":{"type":"number"},"message":"must be number"}]"`;

exports[`handles invalid input (schema validation) given an item with farm size that is missing a height throws a validation error 1`] = `"Validation Error: [{"instancePath":"/0/size","schemaPath":"#/items/properties/size/required","keyword":"required","params":{"missingProperty":"height"},"message":"must have required property 'height'"}]"`;

exports[`handles invalid input (schema validation) given an item with farm size that is missing a width throws a validation error 1`] = `"Validation Error: [{"instancePath":"/0/size","schemaPath":"#/items/properties/size/required","keyword":"required","params":{"missingProperty":"width"},"message":"must have required property 'width'"}]"`;

exports[`handles invalid input (schema validation) given an item with missing creation time throws a validation error 1`] = `"Validation Error: [{"instancePath":"/0","schemaPath":"#/items/required","keyword":"required","params":{"missingProperty":"createTime"},"message":"must have required property 'createTime'"}]"`;

exports[`handles invalid input (schema validation) given an item with missing output amount throws a validation error 1`] = `"Validation Error: [{"instancePath":"/0","schemaPath":"#/items/required","keyword":"required","params":{"missingProperty":"output"},"message":"must have required property 'output'"}]"`;

exports[`handles invalid input (schema validation) given an item with missing requirements array throws a validation error 1`] = `"Validation Error: [{"instancePath":"/0","schemaPath":"#/items/required","keyword":"required","params":{"missingProperty":"requires"},"message":"must have required property 'requires'"}]"`;

exports[`handles invalid input (schema validation) given an item with negative creation time throws a validation error 1`] = `"Validation Error: [{"instancePath":"/0/createTime","schemaPath":"#/items/properties/createTime/minimum","keyword":"minimum","params":{"comparison":">=","limit":0},"message":"must be >= 0"}]"`;

exports[`handles invalid input (schema validation) given an item with negative output amount throws a validation error 1`] = `"Validation Error: [{"instancePath":"/0/output","schemaPath":"#/items/properties/output/minimum","keyword":"minimum","params":{"comparison":">=","limit":1},"message":"must be >= 1"}]"`;

exports[`handles invalid input (schema validation) given an item with non-array requirements throws a validation error 1`] = `"Validation Error: [{"instancePath":"/0/requires","schemaPath":"#/items/properties/requires/type","keyword":"type","params":{"type":"array"},"message":"must be array"}]"`;

exports[`handles invalid input (schema validation) given an item with non-numeric creation time throws a validation error 1`] = `"Validation Error: [{"instancePath":"/0/createTime","schemaPath":"#/items/properties/createTime/type","keyword":"type","params":{"type":"number"},"message":"must be number"}]"`;

exports[`handles invalid input (schema validation) given an item with non-numeric output amount throws a validation error 1`] = `"Validation Error: [{"instancePath":"/0/output","schemaPath":"#/items/properties/output/type","keyword":"type","params":{"type":"number"},"message":"must be number"}]"`;

exports[`handles invalid input (schema validation) given an item with non-object farm size throws a validation error 1`] = `"Validation Error: [{"instancePath":"/0/size","schemaPath":"#/items/properties/size/type","keyword":"type","params":{"type":"object"},"message":"must be object"}]"`;

exports[`handles invalid input (schema validation) given invalid JSON throws a validation error 1`] = `"Validation Error: Unexpected token i in JSON at position 2"`;
